[xopepsminhdang.com/index.html]
[xopepsminhdang.com/xmlrpc.php]
[backblue.gif]
[fade.gif]
[index.html]
[xopepsminhdang.com/wp-content/themes/flatsome/assets/js/flatsome8489.js]
[xopepsminhdang.com/wp-content/themes/flatsome/assets/js/chunk.slider846c.js]
[xopepsminhdang.com/wp-content/themes/flatsome/assets/js/chunk.popups846c.js]
[xopepsminhdang.com/wp-content/themes/flatsome/assets/js/chunk.tooltips846c.js]
[xopepsminhdang.com/wp-content/themes/flatsome/assets/js/woocommercefa29.js]
[xopepsminhdang.com/wp-content/plugins/chaty-pro/css/chaty-front.min47fc.css]
[xopepsminhdang.com/wp-content/plugins/woocommerce/assets/css/brands04d4.css]
[xopepsminhdang.com/feed/index.html]
[xopepsminhdang.com/wp-content/themes/flatsome/assets/css/flatsome846c.css]
[xopepsminhdang.com/wp-content/themes/flatsome/assets/css/icons/fl-iconsdebf.eot]
[xopepsminhdang.com/wp-content/themes/flatsome/assets/css/icons/fl-icons.eot]
[xopepsminhdang.com/wp-content/themes/flatsome/assets/css/icons/fl-iconsdebf.woff2]
[xopepsminhdang.com/wp-content/themes/flatsome/assets/css/icons/fl-iconsdebf.ttf]
[xopepsminhdang.com/comments/feed/index.html]
[xopepsminhdang.com/wp-content/themes/flatsome/assets/css/icons/fl-iconsdebf.woff]
[xopepsminhdang.com/wp-content/themes/flatsome/assets/css/icons/fl-iconsdebf.svg]
[xopepsminhdang.com/wp-content/themes/flatsome/assets/css/flatsome-shop846c.css]
[xopepsminhdang.com/wp-includes/js/jquery/jquery.minf43b.js]
[xopepsminhdang.com/wp-content/plugins/woocommerce/assets/js/jquery-blockui/jquery.blockUI.min4a91.js]
[xopepsminhdang.com/wp-content/plugins/woocommerce/assets/js/frontend/add-to-cart.min04d4.js]
[xopepsminhdang.com/wp-content/plugins/woocommerce/assets/js/js-cookie/js.cookie.min73a9.js]
[xopepsminhdang.com/wp-json/index.html]
[xopepsminhdang.com/wp-json/wp/v2/pages/42.json]
[xopepsminhdang.com/xmlrpc0db0.php]
[xopepsminhdang.com/wp-json/oembed/1.0/embeda1e1.json]
[xopepsminhdang.com/wp-json/oembed/1.0/embed23b2]
[xopepsminhdang.com/wp-content/plugins/woocommerce/assets/fonts/Inter-VariableFont_slnt,wght.woff2]
[xopepsminhdang.com/wp-content/plugins/woocommerce/assets/fonts/cardo_normal_400.woff2]
[xopepsminhdang.com/wp-content/uploads/2025/03/cropped-minh-dang-logo-32x32.png]
[xopepsminhdang.com/wp-content/uploads/2025/03/cropped-minh-dang-logo-192x192.png]
[xopepsminhdang.com/wp-content/uploads/2025/03/cropped-minh-dang-logo-180x180.png]
[xopepsminhdang.com/wp-content/uploads/2021/08/icon-zalo.png]
[xopepsminhdang.com/wp-content/uploads/2021/08/chat.svg]
[xopepsminhdang.com/wp-content/uploads/2025/03/minh-dang-logo.png]
[xopepsminhdang.com/wp-content/uploads/2025/03/Slide3.png]
[xopepsminhdang.com/wp-content/uploads/2025/03/eps.21.delayed]
[xopepsminhdang.com/ve-chung-toi/index.html]
[xopepsminhdang.com/blox-dang-khoi/index.html]
[grocery.isures.com/wp-content/uploads/2020/07/request.png]
[xopepsminhdang.com/xop-eps-dinh-hinh/index.html]
[xopepsminhdang.com/ton-nen-chong-nong-trong-xay-dung/index.html]
[xopepsminhdang.com/hang-dong-goi/index.html]
[xopepsminhdang.com/wp-content/uploads/2025/03/demo-247x296.webp]
[xopepsminhdang.com/dich-vu/index.html]
[xopepsminhdang.com/wp-content/uploads/2025/03/IMG_20250331_164547-247x296.jpg]
[xopepsminhdang.com/wp-content/uploads/2025/04/IMG_20250401_204038-247x296.jpg]
[xopepsminhdang.com/wp-content/uploads/2025/04/IMG_20250401_204052-247x296.jpg]
[xopepsminhdang.com/wp-content/uploads/2025/04/IMG_20250331_164604-247x296.jpg]
[xopepsminhdang.com/tin-tuc/index.html]
[xopepsminhdang.com/wp-content/uploads/2025/03/IMG_20250331_164603-247x296.jpg]
[xopepsminhdang.com/wp-content/uploads/2025/03/IMG_20250331_164534-247x296.jpg]
[xopepsminhdang.com/wp-content/uploads/2025/03/IMG_20250331_164530-247x296.jpg]
[xopepsminhdang.com/wp-content/uploads/2025/03/IMG_20250331_164525-247x296.jpg]
[xopepsminhdang.com/wp-content/uploads/2025/03/IMG_20250331_164447-247x296.jpg]
[xopepsminhdang.com/lien-he/index.html]
[xopepsminhdang.com/wp-content/uploads/2025/03/IMG_20250331_164446-247x296.jpg]
[xopepsminhdang.com/wp-content/uploads/2025/03/IMG_20250331_164445-247x296.jpg]
[xopepsminhdang.com/wp-content/uploads/2025/03/IMG_20250331_164443-247x296.jpg]
[xopepsminhdang.com/wp-content/uploads/2025/03/IMG_20250331_164425-247x296.jpg]
[xopepsminhdang.com/xop-eps-minh-dang/index.html]
[xopepsminhdang.com/wp-content/uploads/2025/03/IMG_20250331_164611-247x296.jpg]
[xopepsminhdang.com/wp-content/uploads/2025/03/IMG_20250331_164614-247x296.jpg]
[xopepsminhdang.com/wp-content/uploads/2025/03/IMG_20250331_164551-247x296.jpg]
[xopepsminhdang.com/wp-content/uploads/2025/03/IMG_20250331_164544-247x296.jpg]
[xopepsminhdang.com/goc-xop-eps-dinh-hinh-dong-hang/index.html]
[xopepsminhdang.com/wp-content/uploads/2025/03/IMG_20250331_164541-247x296.jpg]
[xopepsminhdang.com/wp-content/uploads/2025/03/IMG_20250331_164512-247x296.jpg]
[xopepsminhdang.com/wp-content/uploads/2025/03/IMG_20250331_164501-247x296.jpg]
[xopepsminhdang.com/wp-content/uploads/2025/04/FB_IMG_1743518643203-247x296.jpg]
[xopepsminhdang.com/xop-eps-dinh-hinh-hop-dong-hang/index.html]
[xopepsminhdang.com/wp-content/uploads/2025/04/IMG_20250401_211243-247x296.jpg]
[xopepsminhdang.com/wp-content/uploads/2025/04/IMG_20250401_211228-247x296.jpg]
[xopepsminhdang.com/wp-content/uploads/2025/04/IMG_20250401_205143-247x296.jpg]
[xopepsminhdang.com/wp-content/uploads/2025/04/IMG_20250401_204939-247x296.jpg]
[xopepsminhdang.com/xop-eps-dong-goi-hang-hoa/index.html]
[xopepsminhdang.com/wp-content/uploads/2025/04/IMG_20250401_204934-247x296.jpg]
[xopepsminhdang.com/wp-content/uploads/2025/04/xop-khoi-eps-8074-6279-247x296.jpg]
[xopepsminhdang.com/wp-content/uploads/2025/04/IMG_20250404_145507-247x296.jpg]
[xopepsminhdang.com/wp-content/uploads/2025/04/IMG_20250404_145504-247x296.jpg]
[xopepsminhdang.com/xop-eps-dinh-hinh-21/index.html]
[xopepsminhdang.com/wp-content/uploads/2025/04/IMG_20250401_204948-247x296.jpg]
[xopepsminhdang.com/wp-content/uploads/2025/04/IMG_20250401_210522-247x296.jpg]
[xopepsminhdang.com/wp-content/uploads/2025/04/IMG_20250404_140054-247x296.jpg]
[xopepsminhdang.com/wp-content/uploads/2025/03/IMG_20250331_164456-247x296.jpg]
[xopepsminhdang.com/xop-eps-dinh-hinh-20/index.html]
[xopepsminhdang.com/wp-content/uploads/2025/03/IMG_20250331_164450-247x296.jpg]
[xopepsminhdang.com/wp-content/uploads/2025/03/IMG_20250331_164457-247x296.jpg]
[xopepsminhdang.com/wp-content/uploads/2025/03/IMG_20250331_173611-247x296.jpg]
[xopepsminhdang.com/wp-content/uploads/2025/03/IMG_20250331_164607-247x296.jpg]
[xopepsminhdang.com/xop-eps-dinh-hinh-19/index.html]
[xopepsminhdang.com/wp-content/uploads/2025/03/IMG_20250331_172336-247x296.jpg]
[xopepsminhdang.com/wp-content/uploads/2025/03/IMG_20250331_172334-247x296.jpg]
[xopepsminhdang.com/wp-content/uploads/2025/03/IMG_20250331_164518-247x296.jpg]
[xopepsminhdang.com/xop-eps-dinh-hinh-18/index.html]
[xopepsminhdang.com/wp-content/uploads/2025/03/IMG_20250331_164519-247x296.jpg]
[xopepsminhdang.com/wp-content/plugins/woocommerce/assets/client/blocks/wc-blocks2656.css]
[xopepsminhdang.com/wp-content/plugins/chaty-pro/js/cht-front-script.min47fc.js]
[xopepsminhdang.com/xop-eps-dinh-hinh-17/index.html]
[xopepsminhdang.com/wp-content/plugins/woocommerce/assets/js/frontend/woocommerce.min04d4.js]
[xopepsminhdang.com/wp-content/themes/flatsome/inc/extensions/flatsome-live-search/flatsome-live-search846c.js]
[xopepsminhdang.com/wp-content/plugins/woocommerce/assets/js/sourcebuster/sourcebuster.min04d4.js]
[xopepsminhdang.com/xop-eps-dinh-hinh-16/index.html]
[xopepsminhdang.com/wp-includes/js/hoverIntent.min3e5a.js]
[xopepsminhdang.com/index.html]
[xopepsminhdang.com/xmlrpc.php]
[xopepsminhdang.com/xop-eps-dinh-hinh-15/index.html]
[xopepsminhdang.com/xop-eps-dinh-hinh-14/index.html]
[xopepsminhdang.com/wp-content/plugins/chaty-pro/images/whatsapp.png]
[xopepsminhdang.com/xop-eps-dinh-hinh-13/index.html]
[xopepsminhdang.com/xop-eps-dinh-hinh-12/index.html]
[xopepsminhdang.com/wp-content/plugins/chaty-pro/images/whatsapp-welcome-popup.png]
[xopepsminhdang.com/xop-eps-dinh-hinh-11/index.html]
[xopepsminhdang.com/wp-content/plugins/chaty-pro/images/header-top.png]
[xopepsminhdang.com/wp-content/plugins/chaty-pro/css/chaty-front.min47fc.css]
[xopepsminhdang.com/wp-content/plugins/chaty-pro/images/header-bottom.png]
[xopepsminhdang.com/xop-eps-dinh-hinh-10/index.html]
[xopepsminhdang.com/wp-content/plugins/woocommerce/assets/css/brands04d4.css]
[xopepsminhdang.com/xop-eps-dinh-hinh-9/index.html]
[xopepsminhdang.com/xop-eps-dinh-hinh-8/index.html]
[xopepsminhdang.com/wp-content/themes/flatsome/assets/img/shadow@2x.png]
[xopepsminhdang.com/xop-eps-dinh-hinh-7/index.html]
[xopepsminhdang.com/xop-eps-dinh-hinh-6/index.html]
[xopepsminhdang.com/wp-content/themes/flatsome/assets/img/underline.png]
[xopepsminhdang.com/wp-content/themes/flatsome/assets/css/flatsome846c.css]
[xopepsminhdang.com/xop-eps-dang-khoi-m7/index.html]
[xopepsminhdang.com/wp-content/themes/flatsome/assets/css/icons/fl-iconsdebf.svg]
[xopepsminhdang.com/xop-eps-dang-khoi-m5/index.html]
[xopepsminhdang.com/xop-eps-dang-khoi-m4/index.html]
[xopepsminhdang.com/xop-eps-dang-khoi-m6/index.html]
[xopepsminhdang.com/xop-eps-dang-khoi-m3/index.html]
[xopepsminhdang.com/wp-content/themes/flatsome/assets/css/flatsome-shop846c.css]
[xopepsminhdang.com/xop-eps-dang-khoi-m2/index.html]
[xopepsminhdang.com/xop-eps-dang-khoi-m1/index.html]
[xopepsminhdang.com/xop-eps-dang-khoi/index.html]
[xopepsminhdang.com/xop-eps-ton-nen/index.html]
[xopepsminhdang.com/wp-content/uploads/2021/08/icon-zalo.html]
[xopepsminhdang.com/xop-eps-dong-goi-thiet-bi/index.html]
[xopepsminhdang.com/wp-content/uploads/2021/08/chat.html]
[xopepsminhdang.com/xop-eps-dinh-hinh-3/index.html]
[xopepsminhdang.com/goc-xop-eps-dinh-hinh-loai-dai/index.html]
[xopepsminhdang.com/xop-eps-dinh-hinh-dong-goi-tuong/index.html]
[xopepsminhdang.com/xop-eps-don-nen/index.html]
[xopepsminhdang.com/xop-eps-dinh-hinh-4/index.html]
[xopepsminhdang.com/wp-json/wp/v2/pages/49.json]
[xopepsminhdang.com/xop-eps-dinh-hinh-dong-hang-trang-tri/index.html]
[xopepsminhdang.com/wp-json/oembed/1.0/embedbee9.json]
[xopepsminhdang.com/goc-xop-eps-chen-hang/index.html]
[xopepsminhdang.com/wp-json/oembed/1.0/embed9309]
[xopepsminhdang.com/ve-chung-toi/index.html]
[xopepsminhdang.com/tai-khoan/lost-password/index.html]
[xopepsminhdang.com/blox-dang-khoi/feed/index.html]
[xopepsminhdang.com/wp-json/wp/v2/product_cat/28.json]
[xopepsminhdang.com/wp-content/uploads/2025/03/demo.webp]
[xopepsminhdang.com/wp-content/themes/flatsome/assets/js/flatsome-pjax7d16.js]
[xopepsminhdang.com/wp-includes/js/underscore.min3ab8.js]
[xopepsminhdang.com/wp-includes/js/wp-util.mind1c0.js]
[xopepsminhdang.com/wp-content/plugins/woocommerce/assets/js/frontend/add-to-cart-variation.min04d4.js]
[xopepsminhdang.com/blox-dang-khoi/index.html]
[xopepsminhdang.com/wp-content/plugins/woocommerce/assets/css/photoswipe/photoswipe.min04d4.css]
[xopepsminhdang.com/wp-content/plugins/woocommerce/assets/css/photoswipe/default-skin/default-skin.min04d4.css]
[xopepsminhdang.com/xop-eps-dinh-hinh/feed/index.html]
[xopepsminhdang.com/wp-content/plugins/woocommerce/assets/js/photoswipe/photoswipe.min9799.js]
[xopepsminhdang.com/wp-content/plugins/woocommerce/assets/js/photoswipe/photoswipe-ui-default.min9799.js]
[xopepsminhdang.com/wp-content/plugins/woocommerce/assets/js/frontend/single-product.min04d4.js]
[xopepsminhdang.com/wp-json/wp/v2/product/314.json]
[xopepsminhdang.com/wp-json/oembed/1.0/embed2653]
[xopepsminhdang.com/wp-json/oembed/1.0/embedfbe9]
[xopepsminhdang.com/wp-content/uploads/2025/03/IMG_20250331_164424.jpg]
[xopepsminhdang.com/wp-content/uploads/2025/03/IMG_20250331_164424-510x383.jpg]
[xopepsminhdang.com/wp-content/uploads/2025/03/IMG_20250331_172336-100x100.jpg]
[xopepsminhdang.com/wp-content/uploads/2025/03/IMG_20250331_164518-100x100.jpg]
[xopepsminhdang.com/wp-content/uploads/2025/03/IMG_20250331_164617-247x296.jpg]
[xopepsminhdang.com/wp-includes/js/comment-reply.mind1c0.js]
[xopepsminhdang.com/xop-eps-dinh-hinh/index.html]
[xopepsminhdang.com/the-san-pham/xop-eps/index.html]
[xopepsminhdang.com/wp-json/wp/v2/product_cat/29.json]
[xopepsminhdang.com/ton-nen-chong-nong-trong-xay-dung/index.html]
[xopepsminhdang.com/xop-eps-dinh-hinh-2/index.html]
[xopepsminhdang.com/hang-dong-goi/feed/index.html]
[xopepsminhdang.com/wp-content/uploads/2025/03/IMG_20250331_164547-scaled.jpg]
[xopepsminhdang.com/hang-dong-goi/index.html]
[xopepsminhdang.com/dich-vu/feed/index.html]
[xopepsminhdang.com/wp-json/wp/v2/categories/1.json]
[xopepsminhdang.com/wp-content/uploads/2025/04/Brown-White-Modern-Interior-Design-Facebook-Post_20250404_144654_0000-300x251.png]
[xopepsminhdang.com/wp-content/uploads/2025/04/iem_2627_1-300x201.jpg]
[xopepsminhdang.com/wp-content/uploads/2025/04/loi-ich-khi-dung-xop-ton-nen-EPS-225x300.jpg]
[xopepsminhdang.com/minh-dang-chuyen-san-xuat-gia-cong-xop-eps-dinh-hinh-dong-goi-hang-hoa-cach-nhiet-chong-am-chong-soc/index.html]
[xopepsminhdang.com/wp-content/uploads/2025/03/IMG_20250331_153619-300x139.jpg]
[xopepsminhdang.com/wp-content/uploads/2025/04/IMG_20250401_211243-300x300.jpg]
[xopepsminhdang.com/wp-content/themes/flatsome/assets/libs/packery.pkgd.min846c.js]
[xopepsminhdang.com/dich-vu/index.html]
[xopepsminhdang.com/xop-eps-ton-nen-minh-dang-giai-phap-toi-uu-cho-moi-cong-trinh-xay-dung/index.html]
[xopepsminhdang.com/xop-eps-minh-dang-chong-nang-cach-nhiet-giai-phap-hieu-qua-bao-ve-cong-trinh-khoi-tac-dong-mat-troi/index.html]
[xopepsminhdang.com/wp-json/wp/v2/categories/21.json]
[xopepsminhdang.com/tai-sao-nen-dung-xop-cach-nhiet-eps-minh-dang-cho-cong-trinh-chong-nong/index.html]
[xopepsminhdang.com/wp-content/uploads/2025/04/IMG_20250404_-300x195.jpg]
[xopepsminhdang.com/tin-tuc/feed/index.html]
[xopepsminhdang.com/wp-content/uploads/2025/04/z6458750339220_22e6bc2952bd3490ad52890c710994ba-300x139.jpg]
[xopepsminhdang.com/thi-cong-xop-eps-cach-nhiet-chong-nong-nhu-nao-de-dat-hieu-qua-toi-uu/index.html]
[xopepsminhdang.com/wp-content/uploads/2025/03/IMG_20250331_173611-1-300x225.jpg]
[xopepsminhdang.com/wp-content/uploads/2025/03/IMG_20250331_164607-300x293.jpg]
[xopepsminhdang.com/wp-content/uploads/2025/03/Slide3-300x105.png]
[xopepsminhdang.com/tin-tuc/index.html]
[xopepsminhdang.com/huong-dan-chong-nong-hieu-qua-cho-can-nha-moi-xay-bang-chat-lieu-xop-eps/index.html]
[xopepsminhdang.com/xop-eps-minh-dang-giai-phap-dong-goi-hoan-hao-nang-tam-gia-tri-doanh-nghiep-cua-ban/index.html]
[xopepsminhdang.com/wp-json/oembed/1.0/embeddeb0.json]
[xopepsminhdang.com/xop-eps-minh-dang-chong-soc-cach-nhiet-tiet-kiem-chi-phi/index.html]
[xopepsminhdang.com/wp-json/wp/v2/pages/248.json]
[xopepsminhdang.com/wp-json/oembed/1.0/embed0232]
[xopepsminhdang.com/lien-he/index.html]
[xopepsminhdang.com/xop-eps-minh-dang-giai-phap-toi-uu-cho-moi-cong-trinh/index.html]
[xopepsminhdang.com/bi-quyet-van-chuyen-hang-hoa-di-muon-noi-ma-khong-so-be-vo-mop-meo/index.html]
[xopepsminhdang.com/but-pha-doanh-thu-chinh-phuc-khach-hang-nho-dong-goi-van-chuyen-bang-xop-eps/index.html]
[xopepsminhdang.com/wp-json/wp/v2/product/407.json]
[xopepsminhdang.com/xop-eps-minh-dang/feed/index.html]
[xopepsminhdang.com/wp-json/oembed/1.0/embed255d]
[xopepsminhdang.com/wp-json/oembed/1.0/embed5c77]
[xopepsminhdang.com/wp-content/uploads/2025/04/IMG_20250401_204038.jpg]
[xopepsminhdang.com/wp-content/uploads/2025/04/IMG_20250401_204038-510x510.jpg]
[xopepsminhdang.com/wp-content/uploads/2025/04/IMG_20250401_204052-100x100.jpg]
[xopepsminhdang.com/wp-content/uploads/2025/03/IMG_20250331_164503-247x296.jpg]
[xopepsminhdang.com/xop-eps-dinh-hinh-5/index.html]
[xopepsminhdang.com/wp-content/uploads/2025/03/IMG_20250331_164459-247x296.jpg]
[xopepsminhdang.com/wp-content/uploads/2025/03/IMG_20250331_164449-247x296.jpg]
[xopepsminhdang.com/xop-eps-minh-dang/index.html]
[xopepsminhdang.com/xop-eps-dinh-hinh-1/index.html]
[xopepsminhdang.com/wp-json/wp/v2/product/405.json]
[xopepsminhdang.com/goc-xop-eps-dinh-hinh-dong-hang/feed/index.html]
[xopepsminhdang.com/wp-json/oembed/1.0/embedd608]
[xopepsminhdang.com/wp-json/oembed/1.0/embed67a5]
[xopepsminhdang.com/wp-content/uploads/2025/04/IMG_20250401_204052.jpg]
[xopepsminhdang.com/wp-content/uploads/2025/04/IMG_20250401_204052-510x1104.jpg]
[xopepsminhdang.com/wp-content/uploads/2025/04/IMG_20250401_204038-100x100.jpg]
[xopepsminhdang.com/wp-content/uploads/2025/04/IMG_20250331_164604-100x100.jpg]
[xopepsminhdang.com/goc-xop-eps-dinh-hinh-dong-hang/index.html]
[xopepsminhdang.com/the-san-pham/xop-eps-dinh-hinh-dong-goi/index.html]
[xopepsminhdang.com/the-san-pham/goc-xop-chen-hang/index.html]
[xopepsminhdang.com/wp-json/oembed/1.0/embed4f73]
[xopepsminhdang.com/xop-eps-dinh-hinh-hop-dong-hang/feed/index.html]
[xopepsminhdang.com/wp-json/oembed/1.0/embed856e]
[xopepsminhdang.com/wp-content/uploads/2025/04/IMG_20250331_164604.jpg]
[xopepsminhdang.com/wp-content/uploads/2025/04/IMG_20250331_164604-510x680.jpg]
[xopepsminhdang.com/wp-content/uploads/2025/03/IMG_20250331_164603-100x100.jpg]
[xopepsminhdang.com/xop-eps-dinh-hinh-hop-dong-hang/index.html]
[xopepsminhdang.com/wp-json/wp/v2/product/381.json]
[xopepsminhdang.com/xop-eps-dong-goi-hang-hoa/feed/index.html]
[xopepsminhdang.com/wp-json/oembed/1.0/embedeb97]
[xopepsminhdang.com/wp-json/oembed/1.0/embed4555]
[xopepsminhdang.com/wp-content/uploads/2025/03/IMG_20250331_164603.jpg]
[xopepsminhdang.com/wp-content/uploads/2025/03/IMG_20250331_164603-510x550.jpg]
[xopepsminhdang.com/wp-content/uploads/2025/03/IMG_20250331_164534-100x100.jpg]
[xopepsminhdang.com/xop-eps-dong-goi-hang-hoa/index.html]
[xopepsminhdang.com/wp-json/wp/v2/product/379.json]
[xopepsminhdang.com/xop-eps-dinh-hinh-21/feed/index.html]
[xopepsminhdang.com/wp-json/oembed/1.0/embed81b9]
[xopepsminhdang.com/wp-json/oembed/1.0/embed935c]
[xopepsminhdang.com/wp-content/uploads/2025/03/IMG_20250331_164534.jpg]
[xopepsminhdang.com/wp-content/uploads/2025/03/IMG_20250331_164534-510x555.jpg]
[xopepsminhdang.com/wp-content/uploads/2025/03/IMG_20250331_164530-100x100.jpg]
[xopepsminhdang.com/wp-content/uploads/2025/03/IMG_20250331_164424-247x296.jpg]
[xopepsminhdang.com/xop-eps-dinh-hinh-21/index.html]
[xopepsminhdang.com/wp-json/wp/v2/product/377.json]
[xopepsminhdang.com/xop-eps-dinh-hinh-20/feed/index.html]
[xopepsminhdang.com/wp-json/oembed/1.0/embed25bb]
[xopepsminhdang.com/wp-json/oembed/1.0/embed8327]
[xopepsminhdang.com/wp-content/uploads/2025/03/IMG_20250331_164530.jpg]
[xopepsminhdang.com/wp-content/uploads/2025/03/IMG_20250331_164530-510x274.jpg]
[xopepsminhdang.com/wp-content/uploads/2025/03/IMG_20250331_164525-100x100.jpg]
[xopepsminhdang.com/xop-eps-dinh-hinh-20/index.html]
[xopepsminhdang.com/wp-json/wp/v2/product/375.json]
[xopepsminhdang.com/xop-eps-dinh-hinh-19/feed/index.html]
[xopepsminhdang.com/wp-json/oembed/1.0/embed9048]
[xopepsminhdang.com/wp-json/oembed/1.0/embed0733]
[xopepsminhdang.com/wp-content/uploads/2025/03/IMG_20250331_164525.jpg]
[xopepsminhdang.com/wp-content/uploads/2025/03/IMG_20250331_164525-510x230.jpg]
[xopepsminhdang.com/wp-content/uploads/2025/03/IMG_20250331_164447-100x100.jpg]
[xopepsminhdang.com/xop-eps-dinh-hinh-19/index.html]
[xopepsminhdang.com/xop-eps-dinh-hinh-18/feed/index.html]
[xopepsminhdang.com/wp-json/wp/v2/product/373.json]
[xopepsminhdang.com/wp-json/oembed/1.0/embedb46b]
[xopepsminhdang.com/wp-json/oembed/1.0/embedd70c]
[xopepsminhdang.com/wp-content/uploads/2025/03/IMG_20250331_164447.jpg]
[xopepsminhdang.com/wp-content/uploads/2025/03/IMG_20250331_164447-510x230.jpg]
[xopepsminhdang.com/wp-content/uploads/2025/03/IMG_20250331_164446-100x100.jpg]
[xopepsminhdang.com/wp-content/uploads/2025/03/IMG_20250331_164455-247x296.jpg]
[xopepsminhdang.com/xop-eps-dinh-hinh-18/index.html]
[xopepsminhdang.com/xop-eps-dinh-hinh-2-2/index.html]
[xopepsminhdang.com/wp-json/wp/v2/product/371.json]
[xopepsminhdang.com/xop-eps-dinh-hinh-17/feed/index.html]
[xopepsminhdang.com/wp-json/oembed/1.0/embedb6a1]
[xopepsminhdang.com/wp-json/oembed/1.0/embed01e9]
[xopepsminhdang.com/wp-content/uploads/2025/03/IMG_20250331_164446.jpg]
[xopepsminhdang.com/wp-content/uploads/2025/03/IMG_20250331_164446-510x230.jpg]
[xopepsminhdang.com/wp-content/uploads/2025/03/IMG_20250331_164445-100x100.jpg]
[xopepsminhdang.com/xop-eps-dinh-hinh-17/index.html]
[xopepsminhdang.com/wp-json/wp/v2/product/369.json]
[xopepsminhdang.com/xop-eps-dinh-hinh-16/feed/index.html]
[xopepsminhdang.com/wp-json/oembed/1.0/embed54e4]
[xopepsminhdang.com/wp-json/oembed/1.0/embed0601]
[xopepsminhdang.com/wp-content/uploads/2025/03/IMG_20250331_164445.jpg]
[xopepsminhdang.com/wp-content/uploads/2025/03/IMG_20250331_164445-510x272.jpg]
[xopepsminhdang.com/wp-content/uploads/2025/03/IMG_20250331_164443-100x100.jpg]
[xopepsminhdang.com/xop-eps-dinh-hinh-16/index.html]
[xopepsminhdang.com/wp-json/wp/v2/product/367.json]
[xopepsminhdang.com/xop-eps-dinh-hinh-15/feed/index.html]
[xopepsminhdang.com/wp-json/oembed/1.0/embed3bfe]
[xopepsminhdang.com/wp-json/oembed/1.0/embed1297]
[xopepsminhdang.com/wp-content/uploads/2025/03/IMG_20250331_164443.jpg]
[xopepsminhdang.com/wp-content/uploads/2025/03/IMG_20250331_164443-510x230.jpg]
[xopepsminhdang.com/wp-content/uploads/2025/03/IMG_20250331_164425-100x100.jpg]
[xopepsminhdang.com/xop-eps-dinh-hinh-15/index.html]
[xopepsminhdang.com/xop-eps-dinh-hinh-14/feed/index.html]
[xopepsminhdang.com/wp-json/wp/v2/product/365.json]
[xopepsminhdang.com/wp-json/oembed/1.0/embed6b31]
[xopepsminhdang.com/wp-json/oembed/1.0/embedb540]
[xopepsminhdang.com/wp-content/uploads/2025/03/IMG_20250331_164425.jpg]
[xopepsminhdang.com/wp-content/uploads/2025/03/IMG_20250331_164611-100x100.jpg]
[xopepsminhdang.com/xop-eps-dinh-hinh-14/index.html]
[xopepsminhdang.com/the-san-pham/xop-eps-dong-hang/index.html]
[xopepsminhdang.com/wp-json/wp/v2/product/363.json]
[xopepsminhdang.com/the-san-pham/xop-eps-xay-dung/index.html]
[xopepsminhdang.com/xop-eps-dinh-hinh-13/feed/index.html]
[xopepsminhdang.com/wp-json/oembed/1.0/embed.d29a77.delayed]
[xopepsminhdang.com/wp-json/oembed/1.0/embed3fea]
[xopepsminhdang.com/wp-content/uploads/2025/03/IMG_20250331_164611.jpg]
[xopepsminhdang.com/wp-content/uploads/2025/03/IMG_20250331_164611-510x650.jpg]
[xopepsminhdang.com/wp-content/uploads/2025/03/IMG_20250331_164614-100x100.jpg]
[xopepsminhdang.com/xop-eps-dinh-hinh-13/index.html]
[xopepsminhdang.com/wp-json/wp/v2/product/361.json]
[xopepsminhdang.com/xop-eps-dinh-hinh-12/feed/index.html]
[xopepsminhdang.com/wp-json/oembed/1.0/embede72e]
[xopepsminhdang.com/wp-json/oembed/1.0/embed1d3d]
[xopepsminhdang.com/wp-content/uploads/2025/03/IMG_20250331_164614-scaled.jpg]
[xopepsminhdang.com/wp-content/uploads/2025/03/IMG_20250331_164614-510x383.jpg]
[xopepsminhdang.com/wp-content/uploads/2025/03/IMG_20250331_164551-100x100.jpg]
[xopepsminhdang.com/xop-eps-dinh-hinh-12/index.html]
[xopepsminhdang.com/xop-eps-dinh-hinh-11/feed/index.html]
[xopepsminhdang.com/wp-json/wp/v2/product/359.json]
[xopepsminhdang.com/wp-json/oembed/1.0/embed8bf1]
[xopepsminhdang.com/wp-json/oembed/1.0/embed623e]
[xopepsminhdang.com/wp-content/uploads/2025/03/IMG_20250331_164551.jpg]
[xopepsminhdang.com/wp-content/uploads/2025/03/IMG_20250331_164551-510x680.jpg]
[xopepsminhdang.com/wp-content/uploads/2025/03/IMG_20250331_164547-100x100.jpg]
[xopepsminhdang.com/xop-eps-dinh-hinh-11/index.html]
[xopepsminhdang.com/wp-json/wp/v2/product/357.json]
[xopepsminhdang.com/xop-eps-dinh-hinh-10/feed/index.html]
[xopepsminhdang.com/wp-json/oembed/1.0/embedc65d]
[xopepsminhdang.com/wp-json/oembed/1.0/embed1905]
[xopepsminhdang.com/wp-content/uploads/2025/03/IMG_20250331_164547-510x402.jpg]
[xopepsminhdang.com/wp-content/uploads/2025/03/IMG_20250331_164544-100x100.jpg]
[xopepsminhdang.com/xop-eps-dinh-hinh-10/index.html]
[xopepsminhdang.com/xop-eps-dinh-hinh-9/feed/index.html]
[xopepsminhdang.com/wp-json/wp/v2/product/355.json]
[xopepsminhdang.com/wp-json/oembed/1.0/embedbcbb]
[xopepsminhdang.com/wp-json/oembed/1.0/embed0ab0]
[xopepsminhdang.com/wp-content/uploads/2025/03/IMG_20250331_164544-scaled.jpg]
[xopepsminhdang.com/wp-content/uploads/2025/03/IMG_20250331_164544-510x826.jpg]
[xopepsminhdang.com/wp-content/uploads/2025/03/IMG_20250331_164541-100x100.jpg]
[xopepsminhdang.com/xop-eps-dinh-hinh-9/index.html]
[xopepsminhdang.com/wp-json/wp/v2/product/353.json]
[xopepsminhdang.com/xop-eps-dinh-hinh-8/feed/index.html]
[xopepsminhdang.com/wp-json/oembed/1.0/embedca0e]
[xopepsminhdang.com/wp-json/oembed/1.0/embed1340]
[xopepsminhdang.com/wp-content/uploads/2025/03/IMG_20250331_164541.jpg]
[xopepsminhdang.com/wp-content/uploads/2025/03/IMG_20250331_164541-510x668.jpg]
[xopepsminhdang.com/xop-eps-dinh-hinh-8/index.html]
[xopepsminhdang.com/wp-content/uploads/2025/03/IMG_20250331_164512-100x100.jpg]
[xopepsminhdang.com/wp-json/wp/v2/product/351.json]
[xopepsminhdang.com/xop-eps-dinh-hinh-7/feed/index.html]
[xopepsminhdang.com/wp-json/oembed/1.0/embed0ca8]
[xopepsminhdang.com/wp-json/oembed/1.0/embed5196]
[xopepsminhdang.com/wp-content/uploads/2025/03/IMG_20250331_164512.jpg]
[xopepsminhdang.com/wp-content/uploads/2025/03/IMG_20250331_164512-510x680.jpg]
[xopepsminhdang.com/xop-eps-dinh-hinh-7/index.html]
[xopepsminhdang.com/wp-content/uploads/2025/03/IMG_20250331_164501-100x100.jpg]
[xopepsminhdang.com/the-san-pham/xop-eps-dong-goi/index.html]
[xopepsminhdang.com/xop-eps-dinh-hinh-6/feed/index.html]
[xopepsminhdang.com/wp-json/oembed/1.0/embed.fbf9f0.delayed]
[xopepsminhdang.com/wp-json/oembed/1.0/embed749a]
[xopepsminhdang.com/wp-content/uploads/2025/03/IMG_20250331_164501-scaled.jpg]
[xopepsminhdang.com/wp-content/uploads/2025/03/IMG_20250331_164501-510x523.jpg]
[xopepsminhdang.com/wp-content/uploads/2025/03/IMG_20250331_164503-100x100.jpg]
[xopepsminhdang.com/xop-eps-dinh-hinh-6/index.html]
[xopepsminhdang.com/wp-json/wp/v2/product/430.json]
[xopepsminhdang.com/xop-eps-dang-khoi-m7/feed/index.html]
[xopepsminhdang.com/wp-json/oembed/1.0/embed34bd]
[xopepsminhdang.com/wp-json/oembed/1.0/embed23aa]
[xopepsminhdang.com/wp-content/uploads/2025/04/FB_IMG_1743518643203.jpg]
[xopepsminhdang.com/wp-content/uploads/2025/04/FB_IMG_1743518643203-510x383.jpg]
[xopepsminhdang.com/wp-content/uploads/2025/04/IMG_20250401_211243-100x100.jpg]
[xopepsminhdang.com/xop-eps-dang-khoi-m7/index.html]
[xopepsminhdang.com/xop-eps-dang-khoi-m6/feed/index.html]
[xopepsminhdang.com/wp-json/wp/v2/product/428.json]
[xopepsminhdang.com/wp-json/oembed/1.0/embed349e]
[xopepsminhdang.com/wp-json/oembed/1.0/embed21bd]
[xopepsminhdang.com/wp-content/uploads/2025/04/IMG_20250401_211243.jpg]
[xopepsminhdang.com/wp-content/uploads/2025/04/IMG_20250401_211243-510x510.jpg]
[xopepsminhdang.com/wp-content/uploads/2025/04/FB_IMG_1743518643203-100x100.jpg]
[xopepsminhdang.com/wp-content/uploads/2025/04/IMG_20250401_211228-100x100.jpg]
[xopepsminhdang.com/xop-eps-dang-khoi-m6/index.html]
[xopepsminhdang.com/the-san-pham/xop-dang-khoi/index.html]
[xopepsminhdang.com/wp-json/wp/v2/product/426.json]
[xopepsminhdang.com/xop-eps-dang-khoi-m5/feed/index.html]
[xopepsminhdang.com/wp-json/oembed/1.0/embed92f3]
[xopepsminhdang.com/wp-json/oembed/1.0/embede233]
[xopepsminhdang.com/wp-content/uploads/2025/04/IMG_20250401_211228.jpg]
[xopepsminhdang.com/wp-content/uploads/2025/04/IMG_20250401_211228-510x680.jpg]
[xopepsminhdang.com/wp-content/uploads/2025/04/IMG_20250401_205143-100x100.jpg]
[xopepsminhdang.com/xop-eps-dang-khoi-m5/index.html]
[xopepsminhdang.com/xop-eps-dang-khoi-m4/feed/index.html]
[xopepsminhdang.com/wp-json/wp/v2/product/424.json]
[xopepsminhdang.com/wp-json/oembed/1.0/embed2507]
[xopepsminhdang.com/wp-json/oembed/1.0/embed6169]
[xopepsminhdang.com/wp-content/uploads/2025/04/IMG_20250401_205143.jpg]
[xopepsminhdang.com/wp-content/uploads/2025/04/IMG_20250401_205143-510x680.jpg]
[xopepsminhdang.com/wp-content/uploads/2025/04/IMG_20250401_204939-100x100.jpg]
[xopepsminhdang.com/xop-eps-dang-khoi-m4/index.html]
[xopepsminhdang.com/wp-json/wp/v2/product/422.json]
[xopepsminhdang.com/xop-eps-dang-khoi-m3/feed/index.html]
[xopepsminhdang.com/wp-json/oembed/1.0/embed0d26]
[xopepsminhdang.com/wp-json/oembed/1.0/embed9f91]
[xopepsminhdang.com/wp-content/uploads/2025/04/IMG_20250401_204939.jpg]
[xopepsminhdang.com/wp-content/uploads/2025/04/IMG_20250401_204939-510x248.jpg]
[xopepsminhdang.com/wp-content/uploads/2025/04/IMG_20250401_204934-100x100.jpg]
[xopepsminhdang.com/xop-eps-dang-khoi-m3/index.html]
[xopepsminhdang.com/wp-json/wp/v2/product/419.json]
[xopepsminhdang.com/xop-eps-dang-khoi-m2/feed/index.html]
[xopepsminhdang.com/wp-json/oembed/1.0/embed46d5]
[xopepsminhdang.com/wp-json/oembed/1.0/embed481a]
[xopepsminhdang.com/wp-content/uploads/2025/04/IMG_20250401_204934.jpg]
[xopepsminhdang.com/wp-content/uploads/2025/04/IMG_20250401_204934-510x339.jpg]
[xopepsminhdang.com/xop-eps-dang-khoi-m2/index.html]
[xopepsminhdang.com/wp-content/uploads/2025/04/xop-khoi-eps-8074-6279-100x100.jpg]
[xopepsminhdang.com/wp-json/wp/v2/product/416.json]
[xopepsminhdang.com/xop-eps-dang-khoi-m1/feed/index.html]
[xopepsminhdang.com/wp-json/oembed/1.0/embede468]
[xopepsminhdang.com/wp-json/oembed/1.0/embed3164]
[xopepsminhdang.com/wp-content/uploads/2025/04/xop-khoi-eps-8074-6279.jpg]
[xopepsminhdang.com/wp-content/uploads/2025/04/xop-khoi-eps-8074-6279-510x510.jpg]
[xopepsminhdang.com/wp-content/uploads/2025/03/demo-100x100.webp]
[xopepsminhdang.com/xop-eps-dang-khoi-m1/index.html]
[xopepsminhdang.com/wp-json/wp/v2/product/307.json]
[xopepsminhdang.com/xop-eps-dang-khoi/feed/index.html]
[xopepsminhdang.com/wp-json/oembed/1.0/embed75a0.json]
[xopepsminhdang.com/wp-json/oembed/1.0/embed3447]
[xopepsminhdang.com/wp-content/uploads/2025/03/demo-510x510.webp]
[xopepsminhdang.com/xop-eps-dang-khoi/index.html]
[xopepsminhdang.com/wp-json/wp/v2/product/475.json]
[xopepsminhdang.com/wp-json/oembed/1.0/embed3c16]
[xopepsminhdang.com/wp-json/oembed/1.0/embed3dbd]
[xopepsminhdang.com/wp-content/uploads/2025/04/IMG_20250404_145507.jpg]
[xopepsminhdang.com/wp-content/uploads/2025/04/IMG_20250404_145507-510x908.jpg]
[xopepsminhdang.com/wp-content/uploads/2025/04/IMG_20250404_145504.jpg]
[xopepsminhdang.com/wp-content/uploads/2025/04/IMG_20250404_145504-510x383.jpg]
[xopepsminhdang.com/wp-content/uploads/2025/04/IMG_20250401_204948-100x100.jpg]
[xopepsminhdang.com/xop-eps-ton-nen/index.html]
[xopepsminhdang.com/wp-json/wp/v2/product/409.json]
[xopepsminhdang.com/xop-eps-don-nen/feed/index.html]
[xopepsminhdang.com/wp-json/oembed/1.0/embed9724]
[xopepsminhdang.com/wp-json/oembed/1.0/embed4aa5]
[xopepsminhdang.com/wp-content/uploads/2025/04/IMG_20250401_204948.jpg]
[xopepsminhdang.com/wp-content/uploads/2025/04/IMG_20250401_204948-510x680.jpg]
[xopepsminhdang.com/wp-content/uploads/2025/04/IMG_20250401_210522.jpg]
[xopepsminhdang.com/wp-content/uploads/2025/04/IMG_20250401_210522-510x680.jpg]
[xopepsminhdang.com/wp-content/uploads/2025/04/IMG_20250401_210513.jpg]
[xopepsminhdang.com/wp-content/uploads/2025/04/IMG_20250401_210513-247x296.jpg]
[xopepsminhdang.com/wp-content/uploads/2025/04/IMG_20250404_145507-100x100.jpg]
[xopepsminhdang.com/xop-eps-don-nen/index.html]
[xopepsminhdang.com/wp-json/wp/v2/product/473.json]
[xopepsminhdang.com/xop-eps-dong-goi-thiet-bi/feed/index.html]
[xopepsminhdang.com/wp-json/oembed/1.0/embed0893]
[xopepsminhdang.com/wp-json/oembed/1.0/embedbbe4]
[xopepsminhdang.com/wp-content/uploads/2025/04/IMG_20250404_140054.jpg]
[xopepsminhdang.com/wp-content/uploads/2025/04/IMG_20250404_140054-510x680.jpg]
[xopepsminhdang.com/xop-eps-dong-goi-thiet-bi/index.html]
[xopepsminhdang.com/wp-json/wp/v2/product/344.json]
[xopepsminhdang.com/xop-eps-dinh-hinh-4/feed/index.html]
[xopepsminhdang.com/wp-json/oembed/1.0/embedc1f8]
[xopepsminhdang.com/wp-json/oembed/1.0/embedcf77]
[xopepsminhdang.com/wp-content/uploads/2025/03/IMG_20250331_164456.jpg]
[xopepsminhdang.com/wp-content/uploads/2025/03/IMG_20250331_164456-510x598.jpg]
[xopepsminhdang.com/wp-content/uploads/2025/03/IMG_20250331_164450-100x100.jpg]
[xopepsminhdang.com/xop-eps-dinh-hinh-4/index.html]
[xopepsminhdang.com/wp-json/wp/v2/product/334.json]
[xopepsminhdang.com/xop-eps-dinh-hinh-3/feed/index.html]
[xopepsminhdang.com/wp-json/oembed/1.0/embed4b6f]
[xopepsminhdang.com/wp-json/oembed/1.0/embedd490]
[xopepsminhdang.com/wp-content/uploads/2025/03/IMG_20250331_164450.jpg]
[xopepsminhdang.com/wp-content/uploads/2025/03/IMG_20250331_164450-510x551.jpg]
[xopepsminhdang.com/wp-content/uploads/2025/03/IMG_20250331_164457.jpg]
[xopepsminhdang.com/wp-content/uploads/2025/03/IMG_20250331_164457-510x543.jpg]
[xopepsminhdang.com/wp-content/uploads/2025/03/IMG_20250331_164456-100x100.jpg]
[xopepsminhdang.com/wp-content/uploads/2025/03/IMG_20250331_164455-100x100.jpg]
[xopepsminhdang.com/xop-eps-dinh-hinh-3/index.html]
[xopepsminhdang.com/wp-json/wp/v2/product/324.json]
[xopepsminhdang.com/goc-xop-eps-dinh-hinh-loai-dai/feed/index.html]
[xopepsminhdang.com/wp-json/oembed/1.0/embed2a33]
[xopepsminhdang.com/wp-json/oembed/1.0/embed386d]
[xopepsminhdang.com/wp-content/uploads/2025/03/IMG_20250331_173611.jpg]
[xopepsminhdang.com/wp-content/uploads/2025/03/IMG_20250331_173611-510x382.jpg]
[xopepsminhdang.com/wp-content/uploads/2025/03/IMG_20250331_164617-100x100.jpg]
[xopepsminhdang.com/wp-content/uploads/2025/03/IMG_20250331_164607-100x100.jpg]
[xopepsminhdang.com/goc-xop-eps-dinh-hinh-loai-dai/index.html]
[xopepsminhdang.com/wp-json/wp/v2/product/322.json]
[xopepsminhdang.com/xop-eps-dinh-hinh-dong-goi-tuong/feed/index.html]
[xopepsminhdang.com/wp-json/oembed/1.0/embededa4]
[xopepsminhdang.com/wp-json/oembed/1.0/embedbce9]
[xopepsminhdang.com/wp-content/uploads/2025/03/IMG_20250331_164607.jpg]
[xopepsminhdang.com/wp-content/uploads/2025/03/IMG_20250331_164607-510x499.jpg]
[xopepsminhdang.com/xop-eps-dinh-hinh-dong-goi-tuong/index.html]
[xopepsminhdang.com/wp-json/wp/v2/product/318.json]
[xopepsminhdang.com/xop-eps-dinh-hinh-dong-hang-trang-tri/feed/index.html]
[xopepsminhdang.com/wp-json/oembed/1.0/embed71c0]
[xopepsminhdang.com/wp-json/oembed/1.0/embed1282]
[xopepsminhdang.com/wp-content/uploads/2025/03/IMG_20250331_172336-scaled.jpg]
[xopepsminhdang.com/wp-content/uploads/2025/03/IMG_20250331_172336-510x383.jpg]
[xopepsminhdang.com/wp-content/uploads/2025/03/IMG_20250331_172334.jpg]
[xopepsminhdang.com/wp-content/uploads/2025/03/IMG_20250331_172334-510x383.jpg]
[xopepsminhdang.com/wp-content/uploads/2025/03/IMG_20250331_164424-100x100.jpg]
[xopepsminhdang.com/xop-eps-dinh-hinh-dong-hang-trang-tri/index.html]
[xopepsminhdang.com/wp-json/wp/v2/product/311.json]
[xopepsminhdang.com/goc-xop-eps-chen-hang/feed/index.html]
[xopepsminhdang.com/wp-json/oembed/1.0/embed557d]
[xopepsminhdang.com/wp-json/oembed/1.0/embed6d1b]
[xopepsminhdang.com/wp-content/uploads/2025/03/IMG_20250331_164518.jpg]
[xopepsminhdang.com/wp-content/uploads/2025/03/IMG_20250331_164518-510x418.jpg]
[xopepsminhdang.com/wp-content/uploads/2025/03/IMG_20250331_164519.jpg]
[xopepsminhdang.com/wp-content/uploads/2025/03/IMG_20250331_164519-510x487.jpg]
[xopepsminhdang.com/goc-xop-eps-chen-hang/index.html]
[xopepsminhdang.com/wp-content/plugins/woocommerce/assets/css/select204d4.css]
[xopepsminhdang.com/wp-content/plugins/woocommerce/assets/js/selectWoo/selectWoo.full.minbdab.js]
[xopepsminhdang.com/wp-includes/js/zxcvbn-async.min5152.js]
[xopepsminhdang.com/wp-includes/js/dist/hooks.min4fdd.js]
[xopepsminhdang.com/wp-includes/js/dist/i18n.minc33c.js]
[xopepsminhdang.com/wp-admin/js/password-strength-meter.mind1c0.js]
[xopepsminhdang.com/wp-content/plugins/woocommerce/assets/js/frontend/password-strength-meter.min04d4.js]
[xopepsminhdang.com/wp-content/plugins/woocommerce/assets/js/frontend/account-i18n.min04d4.js]
[xopepsminhdang.com/wp-content/plugins/woocommerce/assets/js/frontend/lost-password.min04d4.js]
[xopepsminhdang.com/wp-json/wp/v2/pages/17.json]
[xopepsminhdang.com/wp-json/oembed/1.0/embed29fa.json]
[xopepsminhdang.com/wp-json/oembed/1.0/embeda24c]
[xopepsminhdang.com/tai-khoan/lost-password/index.html]
[xopepsminhdang.com/wp-content/plugins/woocommerce/assets/client/blocks/wc-blocks2656.css]
[xopepsminhdang.com/index0012.html]
[xopepsminhdang.com/wp-content/plugins/woocommerce/assets/js/frontend/order-attribution.min04d4.js]
[xopepsminhdang.com/wp-content/plugins/woocommerce/assets/css/photoswipe/default-skin/default-skin.png]
[xopepsminhdang.com/wp-content/plugins/woocommerce/assets/css/photoswipe/photoswipe.min04d4.css]
[xopepsminhdang.com/wp-content/plugins/woocommerce/assets/css/photoswipe/default-skin/default-skin.svg]
[xopepsminhdang.com/wp-content/plugins/woocommerce/assets/css/photoswipe/default-skin/preloader.gif]
[xopepsminhdang.com/wp-content/plugins/woocommerce/assets/css/photoswipe/default-skin/default-skin.min04d4.css]
[xopepsminhdang.com/index1031.html]
[xopepsminhdang.com/wp-json/oembed/1.0/embed2653.json]
[xopepsminhdang.com/wp-json/oembed/1.0/embedfbe9]
[xopepsminhdang.com/wp-json/wp/v2/product_tag/31.json]
[xopepsminhdang.com/the-san-pham/xop-eps/page/2/index.html]
[xopepsminhdang.com/the-san-pham/xop-eps/index.html]
[xopepsminhdang.com/the-san-pham/xop-eps-dinh-hinh/index.html]
[xopepsminhdang.com/the-san-pham/xop-eps-minh-dang/index.html]
[xopepsminhdang.com/the-san-pham/xop-eps/feed/index.html]
[xopepsminhdang.com/wp-json/wp/v2/product/328.json]
[xopepsminhdang.com/xop-eps-dinh-hinh-2/feed/index.html]
[xopepsminhdang.com/wp-json/oembed/1.0/embed47d9]
[xopepsminhdang.com/wp-json/oembed/1.0/embed912e]
[xopepsminhdang.com/wp-content/uploads/2025/03/IMG_20250331_164617.jpg]
[xopepsminhdang.com/wp-content/uploads/2025/03/IMG_20250331_164617-510x746.jpg]
[xopepsminhdang.com/wp-content/uploads/2025/03/IMG_20250331_164449-100x100.jpg]
[xopepsminhdang.com/xop-eps-dinh-hinh-2/index.html]
[xopepsminhdang.com/ton-nen-chong-nong-trong-xay-dung/feed/index.html]
[xopepsminhdang.com/wp-json/wp/v2/product_cat/52]
[xopepsminhdang.com/wp-json/wp/v2/posts/463.json]
[xopepsminhdang.com/minh-dang-chuyen-san-xuat-gia-cong-xop-eps-dinh-hinh-dong-goi-hang-hoa-cach-nhiet-chong-am-chong-soc/feed/index.html]
[xopepsminhdang.com/wp-json/oembed/1.0/embed08c0]
[xopepsminhdang.com/wp-content/uploads/2025/04/Brown-White-Modern-Interior-Design-Facebook-Post_20250404_144654_0000.png]
[xopepsminhdang.com/wp-content/uploads/2025/04/lv_0_20250404140837-1230a.mp4]
[xopepsminhdang.com/wp-content/uploads/2025/04/lv_0_20250404140837-1.mp4]
[xopepsminhdang.com/author/vinhlt/index.html]
[xopepsminhdang.com/wp-content/uploads/2025/04/IMG_20250404_141916-1024x654.jpg]
[xopepsminhdang.com/wp-content/uploads/2025/04/IMG_20250404_141622.jpg]
[xopepsminhdang.com/wp-includes/js/mediaelement/mediaelementplayer-legacy.min1f61.css]
[xopepsminhdang.com/wp-includes/js/mediaelement/wp-mediaelement.mind1c0.css]
[xopepsminhdang.com/wp-includes/js/mediaelement/mediaelement-and-player.min1f61.js]
[xopepsminhdang.com/wp-includes/js/mediaelement/mediaelement-migrate.mind1c0.js]
[xopepsminhdang.com/wp-includes/js/mediaelement/wp-mediaelement.mind1c0.js]
[xopepsminhdang.com/wp-includes/js/mediaelement/renderers/vimeo.min1f61.js]
[xopepsminhdang.com/minh-dang-chuyen-san-xuat-gia-cong-xop-eps-dinh-hinh-dong-goi-hang-hoa-cach-nhiet-chong-am-chong-soc/index.html]
[xopepsminhdang.com/wp-json/wp/v2/posts/453.json]
[xopepsminhdang.com/xop-eps-minh-dang-chong-nang-cach-nhiet-giai-phap-hieu-qua-bao-ve-cong-trinh-khoi-tac-dong-mat-troi/feed/index.html]
[xopepsminhdang.com/wp-json/oembed/1.0/embedcb66.json]
[xopepsminhdang.com/wp-json/oembed/1.0/embed2e25]
[xopepsminhdang.com/wp-content/uploads/2025/04/iem_2627_1-1024x685.jpg]
[xopepsminhdang.com/wp-content/uploads/2025/04/Xopminhdangeps3-1024x694.jpg]
[xopepsminhdang.com/wp-content/uploads/2025/04/IMG_20250403_154644-768x1024.jpg]
[xopepsminhdang.com/xop-eps-minh-dang-chong-nang-cach-nhiet-giai-phap-hieu-qua-bao-ve-cong-trinh-khoi-tac-dong-mat-troi/index.html]
[xopepsminhdang.com/wp-json/wp/v2/posts/444.json]
[xopepsminhdang.com/xop-eps-ton-nen-minh-dang-giai-phap-toi-uu-cho-moi-cong-trinh-xay-dung/feed/index.html]
[xopepsminhdang.com/wp-json/oembed/1.0/embed56be.json]
[xopepsminhdang.com/wp-json/oembed/1.0/embed1784]
[xopepsminhdang.com/wp-content/uploads/2025/04/loi-ich-khi-dung-xop-ton-nen-EPS-768x1024.jpg]
[xopepsminhdang.com/wp-content/uploads/2025/04/xop-eps-minh-dang-768x1024.jpg]
[xopepsminhdang.com/wp-content/uploads/2025/04/Tai-sao-nen-chon-xop-EPS-Minh-Dang-768x1024.jpg]
[xopepsminhdang.com/xop-eps-ton-nen-minh-dang-giai-phap-toi-uu-cho-moi-cong-trinh-xay-dung/index.html]
[xopepsminhdang.com/wp-json/wp/v2/posts/385.json]
[xopepsminhdang.com/tai-sao-nen-dung-xop-cach-nhiet-eps-minh-dang-cho-cong-trinh-chong-nong/feed/index.html]
[xopepsminhdang.com/wp-json/oembed/1.0/embed5009.json]
[xopepsminhdang.com/wp-json/oembed/1.0/embed3e21]
[xopepsminhdang.com/wp-content/uploads/2025/03/IMG_20250331_153619-1024x474.jpg]
[xopepsminhdang.com/wp-content/uploads/2025/04/xop-eps-cach-nhiet-1024x768.jpg]
[xopepsminhdang.com/wp-content/uploads/2025/04/z6458738311566_254b42ae96a0b032f154d9a694825077.jpg]
[xopepsminhdang.com/wp-content/uploads/2025/04/z6458739819105_ea6b048eb2a95cee611aac244a980d79.jpg]
[xopepsminhdang.com/tai-sao-nen-dung-xop-cach-nhiet-eps-minh-dang-cho-cong-trinh-chong-nong/index.html]
[xopepsminhdang.com/wp-json/wp/v2/posts/479.json]
[xopepsminhdang.com/thi-cong-xop-eps-cach-nhiet-chong-nong-nhu-nao-de-dat-hieu-qua-toi-uu/feed/index.html]
[xopepsminhdang.com/wp-json/oembed/1.0/embed4740.json]
[xopepsminhdang.com/wp-json/oembed/1.0/embedfce0]
[xopepsminhdang.com/wp-content/uploads/2025/04/IMG_20250404_-1024x665.jpg]
[xopepsminhdang.com/wp-content/uploads/2025/04/IMG_20250401_211249-e1743756148837.jpg]
[xopepsminhdang.com/wp-content/uploads/2025/04/IMG_20250404_154414.jpg]
[xopepsminhdang.com/thi-cong-xop-eps-cach-nhiet-chong-nong-nhu-nao-de-dat-hieu-qua-toi-uu/index.html]
[xopepsminhdang.com/huong-dan-chong-nong-hieu-qua-cho-can-nha-moi-xay-bang-chat-lieu-xop-eps/feed/index.html]
[xopepsminhdang.com/wp-json/wp/v2/posts/392.json]
[xopepsminhdang.com/wp-json/oembed/1.0/embed80c0.json]
[xopepsminhdang.com/wp-json/oembed/1.0/embedf9e3]
[xopepsminhdang.com/wp-content/uploads/2025/04/z6458750339220_22e6bc2952bd3490ad52890c710994ba-1024x474.jpg]
[xopepsminhdang.com/wp-content/uploads/2025/04/chat-lieu-xop-eps-minh-dang-1024x768.jpg]
[xopepsminhdang.com/wp-content/uploads/2025/04/z6458738320646_7d3620f132b7dea3f176ce84430db247-768x1024.jpg]
[xopepsminhdang.com/huong-dan-chong-nong-hieu-qua-cho-can-nha-moi-xay-bang-chat-lieu-xop-eps/index.html]
[xopepsminhdang.com/xop-eps-minh-dang-giai-phap-dong-goi-hoan-hao-nang-tam-gia-tri-doanh-nghiep-cua-ban/feed/index.html]
[xopepsminhdang.com/wp-json/wp/v2/posts/267.json]
[xopepsminhdang.com/wp-json/oembed/1.0/embed5e57.json]
[xopepsminhdang.com/wp-json/oembed/1.0/embed52df]
[xopepsminhdang.com/wp-content/uploads/2025/03/IMG_20250331_173611-1-1024x768.jpg]
[xopepsminhdang.com/xop-eps-minh-dang-giai-phap-dong-goi-hoan-hao-nang-tam-gia-tri-doanh-nghiep-cua-ban/index.html]
[xopepsminhdang.com/author/aioaccount/index.html]
[xopepsminhdang.com/xop-eps-minh-dang-chong-soc-cach-nhiet-tiet-kiem-chi-phi/feed/index.html]
[xopepsminhdang.com/wp-json/wp/v2/posts/265.json]
[xopepsminhdang.com/wp-json/oembed/1.0/embed7a65.json]
[xopepsminhdang.com/wp-json/oembed/1.0/embed7e32]
[xopepsminhdang.com/wp-content/uploads/2025/03/IMG_20250331_164607-1024x1001.jpg]
[xopepsminhdang.com/xop-eps-minh-dang-chong-soc-cach-nhiet-tiet-kiem-chi-phi/index.html]
[xopepsminhdang.com/wp-json/wp/v2/posts/263.json]
[xopepsminhdang.com/bi-quyet-van-chuyen-hang-hoa-di-muon-noi-ma-khong-so-be-vo-mop-meo/feed/index.html]
[xopepsminhdang.com/wp-json/oembed/1.0/embed1985.json]
[xopepsminhdang.com/wp-json/oembed/1.0/embeda582]
[xopepsminhdang.com/bi-quyet-van-chuyen-hang-hoa-di-muon-noi-ma-khong-so-be-vo-mop-meo/index.html]
[xopepsminhdang.com/wp-content/uploads/2025/03/Slide3-1024x359.png]
[xopepsminhdang.com/xop-eps-minh-dang-giai-phap-toi-uu-cho-moi-cong-trinh/feed/index.html]
[xopepsminhdang.com/wp-json/wp/v2/posts/261.json]
[xopepsminhdang.com/wp-json/oembed/1.0/embedd67b.json]
[xopepsminhdang.com/wp-json/oembed/1.0/embeddc70]
[xopepsminhdang.com/xop-eps-minh-dang-giai-phap-toi-uu-cho-moi-cong-trinh/index.html]
[xopepsminhdang.com/wp-json/wp/v2/posts/259.json]
[xopepsminhdang.com/but-pha-doanh-thu-chinh-phuc-khach-hang-nho-dong-goi-van-chuyen-bang-xop-eps/feed/index.html]
[xopepsminhdang.com/wp-json/oembed/1.0/embed03d1.json]
[xopepsminhdang.com/wp-json/oembed/1.0/embed9110]
[xopepsminhdang.com/but-pha-doanh-thu-chinh-phuc-khach-hang-nho-dong-goi-van-chuyen-bang-xop-eps/index.html]
[xopepsminhdang.com/indexcf9a.html]
[xopepsminhdang.com/indexffa6.html]
[xopepsminhdang.com/wp-json/oembed/1.0/embed255d.json]
[xopepsminhdang.com/wp-json/oembed/1.0/embed5c77]
[xopepsminhdang.com/xop-eps-dinh-hinh-5/feed/index.html]
[xopepsminhdang.com/wp-json/wp/v2/product/346.json]
[xopepsminhdang.com/wp-json/oembed/1.0/embedf2b8]
[xopepsminhdang.com/wp-json/oembed/1.0/embed1fda]
[xopepsminhdang.com/wp-content/uploads/2025/03/IMG_20250331_164503.jpg]
[xopepsminhdang.com/wp-content/uploads/2025/03/IMG_20250331_164503-510x487.jpg]
[xopepsminhdang.com/wp-content/uploads/2025/03/IMG_20250331_164459.jpg]
[xopepsminhdang.com/wp-content/uploads/2025/03/IMG_20250331_164459-510x534.jpg]
[xopepsminhdang.com/xop-eps-dinh-hinh-5/index.html]
[xopepsminhdang.com/wp-json/wp/v2/product/330.json]
[xopepsminhdang.com/xop-eps-dinh-hinh-1/feed/index.html]
[xopepsminhdang.com/wp-json/oembed/1.0/embedda36]
[xopepsminhdang.com/wp-json/oembed/1.0/embedb44a]
[xopepsminhdang.com/wp-content/uploads/2025/03/IMG_20250331_164449.jpg]
[xopepsminhdang.com/wp-content/uploads/2025/03/IMG_20250331_164449-510x680.jpg]
[xopepsminhdang.com/xop-eps-dinh-hinh-1/index.html]
[xopepsminhdang.com/index4efb.html]
[xopepsminhdang.com/wp-json/oembed/1.0/embedd608.json]
[xopepsminhdang.com/wp-json/oembed/1.0/embed67a5]
[xopepsminhdang.com/the-san-pham/goc-xop-chen-hang/feed/index.html]
[xopepsminhdang.com/wp-json/wp/v2/product_tag/37.json]
[xopepsminhdang.com/the-san-pham/goc-xop-chen-hang/index.html]
[xopepsminhdang.com/wp-json/wp/v2/product_tag/40.json]
[xopepsminhdang.com/the-san-pham/xop-eps-dinh-hinh-dong-goi/index.html]
[xopepsminhdang.com/index3f97.html]
[xopepsminhdang.com/wp-json/oembed/1.0/embed4f73.json]
[xopepsminhdang.com/wp-json/oembed/1.0/embed856e]
[xopepsminhdang.com/index1f38.html]
[xopepsminhdang.com/wp-json/oembed/1.0/embedeb97.json]
[xopepsminhdang.com/wp-json/oembed/1.0/embed4555]
[xopepsminhdang.com/index60bd.html]
[xopepsminhdang.com/wp-json/oembed/1.0/embed81b9.json]
[xopepsminhdang.com/wp-json/oembed/1.0/embed935c]
[xopepsminhdang.com/indexa7ab.html]
[xopepsminhdang.com/wp-json/oembed/1.0/embed25bb.json]
[xopepsminhdang.com/wp-json/oembed/1.0/embed8327]
[xopepsminhdang.com/index3922.html]
[xopepsminhdang.com/wp-json/oembed/1.0/embed9048.json]
[xopepsminhdang.com/wp-json/oembed/1.0/embed0733]
[xopepsminhdang.com/index7080.html]
[xopepsminhdang.com/wp-json/oembed/1.0/embedb46b.json]
[xopepsminhdang.com/wp-json/oembed/1.0/embedd70c]
[xopepsminhdang.com/the-san-pham/xop-eps-dinh-hinh-dong-goi/feed/index.html]
[xopepsminhdang.com/the-san-pham/xop-eps-dinh-hinh-dong-hang/index.html]
[xopepsminhdang.com/wp-json/wp/v2/product/383]
[xopepsminhdang.com/xop-eps-dinh-hinh-2-2/feed/index.html]
[xopepsminhdang.com/wp-json/wp/v2/product/332.json]
[xopepsminhdang.com/wp-json/oembed/1.0/embede649]
[xopepsminhdang.com/wp-json/oembed/1.0/embed9adf]
[xopepsminhdang.com/wp-content/uploads/2025/03/IMG_20250331_164455.jpg]
[xopepsminhdang.com/xop-eps-dinh-hinh-2-2/index.html]
[xopepsminhdang.com/index9f0a.html]
[xopepsminhdang.com/wp-json/oembed/1.0/embedb6a1.json]
[xopepsminhdang.com/wp-json/oembed/1.0/embed01e9]
[xopepsminhdang.com/index0261.html]
[xopepsminhdang.com/wp-json/oembed/1.0/embed54e4.json]
[xopepsminhdang.com/wp-json/oembed/1.0/embed0601]
[xopepsminhdang.com/index55d4.html]
[xopepsminhdang.com/wp-json/oembed/1.0/embed3bfe.json]
[xopepsminhdang.com/wp-json/oembed/1.0/embed1297]
[xopepsminhdang.com/index18ee.html]
[xopepsminhdang.com/wp-json/oembed/1.0/embed6b31.json]
[xopepsminhdang.com/wp-json/oembed/1.0/embedb540]
[xopepsminhdang.com/wp-content/uploads/2025/03/IMG_20250331_164455-510x680.jpg]
[xopepsminhdang.com/wp-json/wp/v2/product_tag/43.json]
[xopepsminhdang.com/the-san-pham/xop-eps-dong-hang/index.html]
[xopepsminhdang.com/the-san-pham/xop-eps-dong-hang/feed/index.html]
[xopepsminhdang.com/wp-json/wp/v2/product_tag/44.json]
[xopepsminhdang.com/the-san-pham/xop-eps-xay-dung/index.html]
[xopepsminhdang.com/index481e.html]
[xopepsminhdang.com/wp-json/oembed/1.0/embed9a77.json]
[xopepsminhdang.com/wp-json/oembed/1.0/embed3fea]
[xopepsminhdang.com/index76f0.html]
[xopepsminhdang.com/wp-json/oembed/1.0/embede72e.json]
[xopepsminhdang.com/wp-json/oembed/1.0/embed1d3d]
[xopepsminhdang.com/indexcaf0.html]
[xopepsminhdang.com/wp-json/oembed/1.0/embed8bf1.json]
[xopepsminhdang.com/wp-json/oembed/1.0/embed623e]
[xopepsminhdang.com/indexec1b.html]
[xopepsminhdang.com/wp-json/oembed/1.0/embedc65d.json]
[xopepsminhdang.com/wp-json/oembed/1.0/embed1905]
[xopepsminhdang.com/indexc9bf.html]
[xopepsminhdang.com/wp-json/oembed/1.0/embedbcbb.json]
[xopepsminhdang.com/wp-json/oembed/1.0/embed0ab0]
[xopepsminhdang.com/indexbc6e.html]
[xopepsminhdang.com/wp-json/oembed/1.0/embedca0e.json]
[xopepsminhdang.com/wp-json/oembed/1.0/embed1340]
[xopepsminhdang.com/indexec81.html]
[xopepsminhdang.com/wp-json/oembed/1.0/embed0ca8.json]
[xopepsminhdang.com/wp-json/oembed/1.0/embed5196]
[xopepsminhdang.com/the-san-pham/xop-eps-xay-dung/feed/index.html]
[xopepsminhdang.com/the-san-pham/xop-eps-dong-goi/feed/index.html]
[xopepsminhdang.com/wp-json/wp/v2/product_tag/42.json]
[xopepsminhdang.com/the-san-pham/xop-eps-dong-goi/index.html]
[xopepsminhdang.com/index601c.html]
[xopepsminhdang.com/wp-json/oembed/1.0/embedf9f0.json]
[xopepsminhdang.com/wp-json/oembed/1.0/embed749a]
[xopepsminhdang.com/indexbdc5.html]
[xopepsminhdang.com/wp-json/oembed/1.0/embed34bd.json]
[xopepsminhdang.com/wp-json/oembed/1.0/embed23aa]
[xopepsminhdang.com/the-san-pham/xop-eps-dang-khoi/index.html]
[xopepsminhdang.com/indexc7ce.html]
[xopepsminhdang.com/wp-json/oembed/1.0/embed349e.json]
[xopepsminhdang.com/wp-json/oembed/1.0/embed21bd]
[xopepsminhdang.com/the-san-pham/xop-dang-khoi/feed/index.html]
[xopepsminhdang.com/wp-json/wp/v2/product/349]
[xopepsminhdang.com/wp-json/wp/v2/product_tag/35.json]
[xopepsminhdang.com/the-san-pham/xop-dang-khoi/index.html]
[xopepsminhdang.com/index2202.html]
[xopepsminhdang.com/wp-json/oembed/1.0/embed92f3.json]
[xopepsminhdang.com/wp-json/oembed/1.0/embede233]
[xopepsminhdang.com/index007a.html]
[xopepsminhdang.com/wp-json/oembed/1.0/embed2507.json]
[xopepsminhdang.com/wp-json/oembed/1.0/embed6169]
[xopepsminhdang.com/index9d87.html]
[xopepsminhdang.com/wp-json/oembed/1.0/embed0d26.json]
[xopepsminhdang.com/wp-json/oembed/1.0/embed9f91]
[xopepsminhdang.com/indexbdfa.html]
[xopepsminhdang.com/wp-json/oembed/1.0/embed46d5.json]
[xopepsminhdang.com/wp-json/oembed/1.0/embed481a]
[xopepsminhdang.com/index5750.html]
[xopepsminhdang.com/wp-json/oembed/1.0/embede468.json]
[xopepsminhdang.com/wp-json/oembed/1.0/embed3164]
[xopepsminhdang.com/index2915.html]
[xopepsminhdang.com/index8a0c.html]
[xopepsminhdang.com/wp-json/oembed/1.0/embed3c16.json]
[xopepsminhdang.com/wp-json/oembed/1.0/embed3dbd]
[xopepsminhdang.com/the-san-pham/xop-eps-don-nen/index.html]
[xopepsminhdang.com/the-san-pham/xop-eps-ton-nen/index.html]
[xopepsminhdang.com/indexe145.html]
[xopepsminhdang.com/wp-json/oembed/1.0/embed9724.json]
[xopepsminhdang.com/wp-json/oembed/1.0/embed4aa5]
[xopepsminhdang.com/index01a2.html]
[xopepsminhdang.com/wp-json/oembed/1.0/embed0893.json]
[xopepsminhdang.com/wp-json/oembed/1.0/embedbbe4]
[xopepsminhdang.com/index6150.html]
[xopepsminhdang.com/wp-json/oembed/1.0/embedc1f8.json]
[xopepsminhdang.com/wp-json/oembed/1.0/embedcf77]
[xopepsminhdang.com/indexd06c.html]
[xopepsminhdang.com/wp-json/oembed/1.0/embed4b6f.json]
[xopepsminhdang.com/wp-json/oembed/1.0/embedd490]
[xopepsminhdang.com/indexf47a.html]
[xopepsminhdang.com/wp-json/oembed/1.0/embed2a33.json]
[xopepsminhdang.com/wp-json/oembed/1.0/embed386d]
[xopepsminhdang.com/the-san-pham/goc-xop-eps-chen-hang/index.html]
[xopepsminhdang.com/indexeffc.html]
[xopepsminhdang.com/wp-json/oembed/1.0/embededa4.json]
[xopepsminhdang.com/wp-json/oembed/1.0/embedbce9]
[xopepsminhdang.com/indexcb8c.html]
[xopepsminhdang.com/wp-json/oembed/1.0/embed71c0.json]
[xopepsminhdang.com/wp-json/oembed/1.0/embed1282]
[xopepsminhdang.com/index2e31.html]
[xopepsminhdang.com/wp-json/oembed/1.0/embed557d.json]
[xopepsminhdang.com/wp-json/oembed/1.0/embed6d1b]
[xopepsminhdang.com/wp-content/plugins/woocommerce/assets/css/select204d4.css]
[xopepsminhdang.com/indexd8eb.html]
[xopepsminhdang.com/wp-content/plugins/woocommerce/assets/css/photoswipe/default-skin/default-skin.svg]
[xopepsminhdang.com/the-san-pham/xop-eps/page/2/index.html]
[xopepsminhdang.com/wp-content/uploads/2025/03/IMG_20250331_173611-100x100.jpg]
[xopepsminhdang.com/indexc518.html]
[xopepsminhdang.com/wp-json/oembed/1.0/embed47d9.json]
[xopepsminhdang.com/wp-json/oembed/1.0/embed912e]
[xopepsminhdang.com/indexbbbc.html]
[xopepsminhdang.com/tai-khoan/index.html]
[xopepsminhdang.com/wp-json/oembed/1.0/embed4dd3]
[xopepsminhdang.com/xop-eps-ton-nen/feed/index.html]
[xopepsminhdang.com/wp-json/wp/v2/users/2.json]
[xopepsminhdang.com/author/vinhlt/index.html]
[xopepsminhdang.com/author/vinhlt/feed/index.html]
[xopepsminhdang.com/wp-includes/js/mediaelement/mejs-controls.svg]
[xopepsminhdang.com/wp-includes/js/mediaelement/mediaelementplayer-legacy.min1f61.css]
[xopepsminhdang.com/wp-includes/js/mediaelement/wp-mediaelement.mind1c0.css]
[xopepsminhdang.com/index06d3.html]
[xopepsminhdang.com/indexb284.html]
[xopepsminhdang.com/indexf1ac.html]
[xopepsminhdang.com/index5657.html]
[xopepsminhdang.com/indexead8.html]
[xopepsminhdang.com/index3786.html]
[xopepsminhdang.com/author/aioaccount/feed/index.html]
[xopepsminhdang.com/wp-json/wp/v2/users/1.json]
[xopepsminhdang.com/author/aioaccount/index.html]
[xopepsminhdang.com/indexc61d.html]
[xopepsminhdang.com/index8fee.html]
[xopepsminhdang.com/indexd89d.html]
[xopepsminhdang.com/indexc544.html]
[xopepsminhdang.com/index17f1.html]
[xopepsminhdang.com/wp-json/oembed/1.0/embedf2b8.json]
[xopepsminhdang.com/wp-json/oembed/1.0/embed1fda]
[xopepsminhdang.com/index1639.html]
[xopepsminhdang.com/wp-json/oembed/1.0/embedda36.json]
[xopepsminhdang.com/wp-json/oembed/1.0/embedb44a]
[xopepsminhdang.com/wp-json/wp/v2/product_tag/41.json]
[xopepsminhdang.com/the-san-pham/xop-eps-dinh-hinh-dong-hang/index.html]
[xopepsminhdang.com/index221f.html]
[xopepsminhdang.com/wp-json/oembed/1.0/embede649.json]
[xopepsminhdang.com/wp-json/oembed/1.0/embed9adf]
[xopepsminhdang.com/tai-khoan/index.html]
[xopepsminhdang.com/the-san-pham/xop-eps/page/1/index.html]
[xopepsminhdang.com/wp-includes/js/mediaelement/mejs-controls.svg]
[xopepsminhdang.com/the-san-pham/xop-eps-dinh-hinh-dong-hang/feed/index.html]
